[debug] [2026-08-04T07:27:25.606Z] ----------------------------------------------------------------------
[debug] [2026-08-04T07:27:25.608Z] Command:       C:\nvm4w\nodejs\node.exe C:\Users\USUARIO\AppData\Local\npm-cache\_npx\7750544ccf494d8b\node_modules\firebase-tools\lib\bin\firebase.js apps:list --project carpooling-herewego
[debug] [2026-08-04T07:27:25.609Z] CLI Version:   15.25.1
[debug] [2026-08-04T07:27:25.609Z] Platform:      win32
[debug] [2026-08-04T07:27:25.609Z] Node Version:  v25.8.1
[debug] [2026-08-04T07:27:25.609Z] Detected Agent: unknown
[debug] [2026-08-04T07:27:25.609Z] Time:          Tue Aug 04 2026 09:27:25 GMT+0200 (hora de verano de Europa central)
[debug] [2026-08-04T07:27:25.609Z] ----------------------------------------------------------------------
[debug] 
[debug] [2026-08-04T07:27:25.620Z] >>> [apiv2][query] GET https://firebase-public.firebaseio.com/cli.json [none]
[debug] [2026-08-04T07:27:25.696Z] > command requires scopes: ["email","openid","https://www.googleapis.com/auth/cloudplatformprojects.readonly","https://www.googleapis.com/auth/firebase","https://www.googleapis.com/auth/cloud-platform"]
[debug] [2026-08-04T07:27:25.835Z] Running auto auth
[debug] [2026-08-04T07:27:25.839Z] No OAuth tokens found
[debug] [2026-08-04T07:27:25.839Z] >>> [apiv2][query] GET https://firebase.googleapis.com/v1beta1/projects/carpooling-herewego:searchApps pageSize=100
[debug] [2026-08-04T07:27:25.968Z] <<< [apiv2][status] GET https://firebase-public.firebaseio.com/cli.json 200
[debug] [2026-08-04T07:27:25.968Z] <<< [apiv2][body] GET https://firebase-public.firebaseio.com/cli.json {"cloudBuildErrorAfter":1594252800000,"cloudBuildWarnAfter":1590019200000,"defaultNode10After":1594252800000,"minVersion":"3.0.5","node8DeploysDisabledAfter":1613390400000,"node8RuntimeDisabledAfter":1615809600000,"node8WarnAfter":1600128000000}
[debug] [2026-08-04T07:27:26.196Z] <<< [apiv2][status] GET https://firebase.googleapis.com/v1beta1/projects/carpooling-herewego:searchApps 403
[debug] [2026-08-04T07:27:26.196Z] <<< [apiv2][body] GET https://firebase.googleapis.com/v1beta1/projects/carpooling-herewego:searchApps {"error":{"code":403,"message":"The caller does not have permission","status":"PERMISSION_DENIED"}}
[debug] [2026-08-04T07:27:26.197Z] Request to https://firebase.googleapis.com/v1beta1/projects/carpooling-herewego:searchApps?pageSize=100 had HTTP Error: 403, The caller does not have permission
[debug] [2026-08-04T07:27:26.198Z] FirebaseError: Request to https://firebase.googleapis.com/v1beta1/projects/carpooling-herewego:searchApps?pageSize=100 had HTTP Error: 403, The caller does not have permission
    at responseToError (C:\Users\USUARIO\AppData\Local\npm-cache\_npx\7750544ccf494d8b\node_modules\firebase-tools\lib\responseToError.js:53:12)
    at RetryOperation._fn (C:\Users\USUARIO\AppData\Local\npm-cache\_npx\7750544ccf494d8b\node_modules\firebase-tools\lib\apiv2.js:415:77)
    at process.processTicksAndRejections (node:internal/process/task_queues:104:5)
[error] 
[error] Error: Failed to list Firebase apps. See firebase-debug.log for more info.
